2026-07-25 16:33:45,297 - tradingagents.dataflows.reddit - WARNING - Reddit RSS 429 for r/stocks · RKLB — backing off 5.0s then retrying once
2026-07-25 16:33:49,117 - httpx - INFO - HTTP Request: POST https://api.telegram.org/bot8786439112:AAHyi_EkUYf5xRnXz38URG-u6-V2aWK2JB8/getUpdates "HTTP/1.1 200 OK"
2026-07-25 16:33:50,610 - tradingagents.dataflows.reddit - WARNING - Reddit RSS fetch failed for r/stocks · RKLB: HTTP Error 429: Too Many Requests
2026-07-25 16:33:51,878 - tradingagents.dataflows.reddit - WARNING - Reddit RSS 429 for r/investing · RKLB — backing off 5.0s then retrying once
2026-07-25 16:33:57,188 - tradingagents.dataflows.reddit - WARNING - Reddit RSS fetch failed for r/investing · RKLB: HTTP Error 429: Too Many Requests


2026-07-25 16:35:59,978 - tradingagents.agents.utils.structured - WARNING - Sentiment Analyst: structured-output invocation failed (structured output returned no parsed result); retrying once as free text

2026-07-25 16:36:32,682 - tradingagents.dataflows.interface - WARNING - Vendor 'fred' not configured for get_macro_indicators; trying next vendor.
2026-07-25 16:36:32,682 - tradingagents.dataflows.interface - WARNING - Optional macro_data unavailable for get_macro_indicators: FRED_API_KEY environment variable is not set. Get a free key at https://fred.stlouisfed.org/docs/api/api_key.html.
2026-07-25 16:36:32,683 - tradingagents.dataflows.interface - WARNING - Vendor 'fred' not configured for get_macro_indicators; trying next vendor.
2026-07-25 16:36:32,683 - tradingagents.dataflows.interface - WARNING - Optional macro_data unavailable for get_macro_indicators: FRED_API_KEY environment variable is not set. Get a free key at https://fred.stlouisfed.org/docs/api/api_key.html.
2026-07-25 16:36:32,684 - tradingagents.dataflows.interface - WARNING - Vendor 'fred' not configured for get_macro_indicators; trying next vendor.
2026-07-25 16:36:32,683 - tradingagents.dataflows.interface - WARNING - Vendor 'fred' not configured for get_macro_indicators; trying next vendor.
2026-07-25 16:36:32,684 - tradingagents.dataflows.interface - WARNING - Vendor 'fred' not configured for get_macro_indicators; trying next vendor.
2026-07-25 16:36:32,684 - tradingagents.dataflows.interface - WARNING - Optional macro_data unavailable for get_macro_indicators: FRED_API_KEY environment variable is not set. Get a free key at https://fred.stlouisfed.org/docs/api/api_key.html.
2026-07-25 16:36:32,685 - tradingagents.dataflows.interface - WARNING - Vendor 'fred' not configured for get_macro_indicators; trying next vendor.
2026-07-25 16:36:32,685 - tradingagents.dataflows.interface - WARNING - Optional macro_data unavailable for get_macro_indicators: FRED_API_KEY environment variable is not set. Get a free key at https://fred.stlouisfed.org/docs/api/api_key.html.
2026-07-25 16:36:32,686 - tradingagents.dataflows.interface - WARNING - Optional macro_data unavailable for get_macro_indicators: FRED_API_KEY environment variable is not set. Get a free key at https://fred.stlouisfed.org/docs/api/api_key.html.
2026-07-25 16:36:32,687 - tradingagents.dataflows.interface - WARNING - Optional macro_data unavailable for get_macro_indicators: FRED_API_KEY environment variable is not set. Get a free key at https://fred.stlouisfed.org/docs/api/api_key.html.




